-
    '{{%igloo_blocks}}': { type: markhuot\igloo\models\Box }
    '{{%igloo_block_structure}}': { lft: 0, rgt: 13 }
    '{{%igloo_block_attributes}}': {  }
-
    '{{%igloo_blocks}}': { type: markhuot\igloo\models\Text }
    '{{%igloo_block_structure}}': { lft: 1, rgt: 2 }
    '{{%igloo_block_attributes}}': {  }
    '{{%igloo_content_text}}': { content: foo }
-
    '{{%igloo_blocks}}': { type: markhuot\igloo\models\Box }
    '{{%igloo_block_structure}}': { lft: 3, rgt: 10 }
    '{{%igloo_block_attributes}}': {  }
-
    '{{%igloo_blocks}}': { type: markhuot\igloo\models\Text }
    '{{%igloo_block_structure}}': { lft: 4, rgt: 5 }
    '{{%igloo_block_attributes}}': {  }
    '{{%igloo_content_text}}': { content: baz }
-
    '{{%igloo_blocks}}': { type: markhuot\igloo\models\Text }
    '{{%igloo_block_structure}}': { lft: 6, rgt: 7 }
    '{{%igloo_block_attributes}}': {  }
    '{{%igloo_content_text}}': { content: qux }
-
    '{{%igloo_blocks}}': { type: markhuot\igloo\models\Text }
    '{{%igloo_block_structure}}': { lft: 8, rgt: 9 }
    '{{%igloo_block_attributes}}': {  }
    '{{%igloo_content_text}}': { content: qid }
-
    '{{%igloo_blocks}}': { type: markhuot\igloo\models\Text }
    '{{%igloo_block_structure}}': { lft: 11, rgt: 12 }
    '{{%igloo_block_attributes}}': {  }
    '{{%igloo_content_text}}': { content: bar }
