-
    '{{%igloo_block_structure}}': { lft: 0, rgt: 9 }
-
    '{{%igloo_block_structure}}': { lft: 1, rgt: 2 }
-
    '{{%igloo_block_structure}}': { lft: 3, rgt: 6 }
-
    '{{%igloo_block_structure}}': { lft: 4, rgt: 5 }
-
    '{{%igloo_block_structure}}': { lft: 7, rgt: 8 }
