-
    '{{%igloo_blocks}}': { id: '311', uid: d489f372-4193-4078-b337-0c68c91baa34, type: markhuot\igloo\models\Box }
    '{{%igloo_block_structure}}': { id: '311', uid: d489f372-4193-4078-b337-0c68c91baa34, tree: 5f6d243731718, lft: '0', rgt: '5' }
    '{{%igloo_block_attributes}}': {  }
