'{{%igloo_blocks}}':
    type: markhuot\igloo\models\Text
'{{%igloo_block_structure}}':
    slot: null
    lft: 0
    rgt: 1
'{{%igloo_block_attributes}}': {  }
'{{%igloo_content_text}}':
    content: 'foo bar baz'
