-
    type: markhuot\igloo\models\Box
    slot: null
    lft: '0'
    rgt: '5'
    content: null
-
    type: markhuot\igloo\models\Text
    slot: null
    lft: '1'
    rgt: '2'
    content: foo
-
    type: markhuot\igloo\models\Text
    slot: null
    lft: '3'
    rgt: '4'
    content: bar
