content: 'foo bar baz'
id: null
uid: null
dateCreated: null
dateUpdated: null
tree: null
lft: null
rgt: null
slots: {  }
slot: null
styles:
    borderLeft: null
    paddingLeft: null
    color: red
    fontSize: null
