content: 'foo bar baz'
id: null
uid: null
dateCreated: null
dateUpdated: null
tree: null
lft: null
rgt: null
slots:
    - children
slot: null
children: {  }
attributes:
    id: null
    className: markhuot\igloo\valueobjects\Attributes
    classlist: ['']
    style: { borderLeft: null, paddingLeft: null, color: null, fontSize: null, weight: null }
