id: 1
type: markhuot\igloo\models\Text
data:
    content: 'foo bar baz'
