-
    id: 1
    type: markhuot\igloo\models\Box
    lft: 0
    rgt: 5
-
    id: 2
    type: markhuot\igloo\models\Text
    lft: 1
    rgt: 2
    data: { content: foo }
-
    id: 3
    type: markhuot\igloo\models\Text
    lft: 3
    rgt: 4
    data: { content: bar }
