-
    lft: 0
    rgt: 7
-
    lft: 1
    rgt: 4
-
    lft: 2
    rgt: 3
-
    lft: 5
    rgt: 6
